Script started on Mon 28 Jun 2010 21:56:26 BST
okouam@nikita:/opt/Rails/apps/radio$ ls
app  config  db  doc  generate	lib  log  public  Rakefile  README  script  spec  test	tmp  typescript  vendor
okouam@nikita:/opt/Rails/apps/radio$ cd public
okouam@nikita:/opt/Rails/apps/radio/public$ sl[K[Kls
client	images	index.html  stylesheets  system
okouam@nikita:/opt/Rails/apps/radio/public$ cd system/
okouam@nikita:/opt/Rails/apps/radio/public/system$ ls
uploads
okouam@nikita:/opt/Rails/apps/radio/public/system$ cd ..
okouam@nikita:/opt/Rails/apps/radio/public$ cd stylesheets/
okouam@nikita:/opt/Rails/apps/radio/public/stylesheets$ ls
admin.css  application.css  formtastic.css  reset.css  scaffold.css
okouam@nikita:/opt/Rails/apps/radio/public/stylesheets$ cd ..
okouam@nikita:/opt/Rails/apps/radio/public$ cd ..
okouam@nikita:/opt/Rails/apps/radio$ relationship  script/plugin install git://github.com/giraffesoft/resource_controller.gi
relationship: command not found
okouam@nikita:/opt/Rails/apps/radio$ relationship  script/plugin install git://github.com/giraffesoft/resource_controller.git[1P[1P[1P[1P[1P[1P[1P[1P[1P[1P[1P[1P[1P
Initialized empty Git repository in /opt/Rails/apps/radio/vendor/plugins/resource_controller/.git/
fatal: The remote end hung up unexpectedly
okouam@nikita:/opt/Rails/apps/radio$  script/plugin install git://github.com/giraffesoft/resource_controller.git
Initialized empty Git repository in /opt/Rails/apps/radio/vendor/plugins/resource_controller/.git/
fatal: The remote end hung up unexpectedly
okouam@nikita:/opt/Rails/apps/radio$  script/plugin install git://github.com/giraffesoft/resource_controller.git[1P/resource_controller.git[1P/resource_controller.git[1P/resource_controller.git[1P/resource_controller.git[1P/resource_controller.git[1P/resource_controller.git[1P/resource_controller.git[1P/resource_controller.git[1P/resource_controller.git[1P/resource_controller.git[1P/resource_controller.gitj/resource_controller.gita/resource_controller.gitm/resource_controller.gite/resource_controller.gits/resource_controller.gitg/resource_controller.gito/resource_controller.gitl/resource_controller.giti/resource_controller.gitc/resource_controller.gitk/resource_controller.git
Initialized empty Git repository in /opt/Rails/apps/radio/vendor/plugins/resource_controller/.git/
remote: Counting objects: 283, done.[K
remote: Compressing objects:   0% (1/198)   [Kremote: Compressing objects:   1% (2/198)   [Kremote: Compressing objects:   2% (4/198)   [Kremote: Compressing objects:   3% (6/198)   [Kremote: Compressing objects:   4% (8/198)   [Kremote: Compressing objects:   5% (10/198)   [Kremote: Compressing objects:   6% (12/198)   [Kremote: Compressing objects:   7% (14/198)   [Kremote: Compressing objects:   8% (16/198)   [Kremote: Compressing objects:   9% (18/198)   [Kremote: Compressing objects:  10% (20/198)   [Kremote: Compressing objects:  11% (22/198)   [Kremote: Compressing objects:  12% (24/198)   [Kremote: Compressing objects:  13% (26/198)   [Kremote: Compressing objects:  14% (28/198)   [Kremote: Compressing objects:  15% (30/198)   [Kremote: Compressing objects:  16% (32/198)   [Kremote: Compressing objects:  17% (34/198)   [Kremote: Compressing objects:  18% (36/198)   [Kremote: Compressing objects:  19% (38/198)   [Kremote: Compressing objects:  20% (40/198)   [Kremote: Compressing objects:  21% (42/198)   [Kremote: Compressing objects:  22% (44/198)   [Kremote: Compressing objects:  23% (46/198)   [Kremote: Compressing objects:  24% (48/198)   [Kremote: Compressing objects:  25% (50/198)   [Kremote: Compressing objects:  26% (52/198)   [Kremote: Compressing objects:  27% (54/198)   [Kremote: Compressing objects:  28% (56/198)   [Kremote: Compressing objects:  29% (58/198)   [Kremote: Compressing objects:  30% (60/198)   [Kremote: Compressing objects:  31% (62/198)   [Kremote: Compressing objects:  32% (64/198)   [Kremote: Compressing objects:  33% (66/198)   [Kremote: Compressing objects:  34% (68/198)   [Kremote: Compressing objects:  35% (70/198)   [Kremote: Compressing objects:  36% (72/198)   [Kremote: Compressing objects:  37% (74/198)   [Kremote: Compressing objects:  38% (76/198)   [Kremote: Compressing objects:  39% (78/198)   [Kremote: Compressing objects:  40% (80/198)   [Kremote: Compressing objects:  41% (82/198)   [Kremote: Compressing objects:  42% (84/198)   [Kremote: Compressing objects:  43% (86/198)   [Kremote: Compressing objects:  44% (88/198)   [Kremote: Compressing objects:  45% (90/198)   [Kremote: Compressing objects:  46% (92/198)   [Kremote: Compressing objects:  47% (94/198)   [Kremote: Compressing objects:  48% (96/198)   [Kremote: Compressing objects:  49% (98/198)   [Kremote: Compressing objects:  50% (99/198)   [Kremote: Compressing objects:  51% (101/198)   [Kremote: Compressing objects:  52% (103/198)   [Kremote: Compressing objects:  53% (105/198)   [Kremote: Compressing objects:  54% (107/198)   [Kremote: Compressing objects:  55% (109/198)   [Kremote: Compressing objects:  56% (111/198)   [Kremote: Compressing objects:  57% (113/198)   [Kremote: Compressing objects:  58% (115/198)   [Kremote: Compressing objects:  59% (117/198)   [Kremote: Compressing objects:  60% (119/198)   [Kremote: Compressing objects:  61% (121/198)   [Kremote: Compressing objects:  62% (123/198)   [Kremote: Compressing objects:  63% (125/198)   [Kremote: Compressing objects:  64% (127/198)   [Kremote: Compressing objects:  65% (129/198)   [Kremote: Compressing objects:  66% (131/198)   [Kremote: Compressing objects:  67% (133/198)   [Kremote: Compressing objects:  68% (135/198)   [Kremote: Compressing objects:  69% (137/198)   [Kremote: Compressing objects:  70% (139/198)   [Kremote: Compressing objects:  71% (141/198)   [Kremote: Compressing objects:  72% (143/198)   [Kremote: Compressing objects:  73% (145/198)   [Kremote: Compressing objects:  74% (147/198)   [Kremote: Compressing objects:  75% (149/198)   [Kremote: Compressing objects:  76% (151/198)   [Kremote: Compressing objects:  77% (153/198)   [Kremote: Compressing objects:  78% (155/198)   [Kremote: Compressing objects:  79% (157/198)   [Kremote: Compressing objects:  80% (159/198)   [Kremote: Compressing objects:  81% (161/198)   [Kremote: Compressing objects:  82% (163/198)   [Kremote: Compressing objects:  83% (165/198)   [Kremote: Compressing objects:  84% (167/198)   [Kremote: Compressing objects:  85% (169/198)   [Kremote: Compressing objects:  86% (171/198)   [Kremote: Compressing objects:  87% (173/198)   [Kremote: Compressing objects:  88% (175/198)   [Kremote: Compressing objects:  89% (177/198)   [Kremote: Compressing objects:  90% (179/198)   [Kremote: Compressing objects:  91% (181/198)   [Kremote: Compressing objects:  92% (183/198)   [Kremote: Compressing objects:  93% (185/198)   [Kremote: Compressing objects:  94% (187/198)   [Kremote: Compressing objects:  95% (189/198)   [Kremote: Compressing objects:  96% (191/198)   [Kremote: Compressing objects:  97% (193/198)   [Kremote: Compressing objects:  98% (195/198)   [Kremote: Compressing objects:  99% (197/198)   [Kremote: Compressing objects: 100% (198/198)   [Kremote: Compressing objects: 100% (198/198), done.[K
Receiving objects:   0% (1/283)   Receiving objects:   1% (3/283)   Receiving objects:   2% (6/283)   Receiving objects:   3% (9/283)   Receiving objects:   4% (12/283)   Receiving objects:   5% (15/283), 12.00 KiB | 11 KiB/s   Receiving objects:   6% (17/283), 12.00 KiB | 11 KiB/s   Receiving objects:   7% (20/283), 12.00 KiB | 11 KiB/s   Receiving objects:   8% (23/283), 12.00 KiB | 11 KiB/s   Receiving objects:   9% (26/283), 12.00 KiB | 11 KiB/s   Receiving objects:  10% (29/283), 12.00 KiB | 11 KiB/s   Receiving objects:  11% (32/283), 12.00 KiB | 11 KiB/s   Receiving objects:  12% (34/283), 12.00 KiB | 11 KiB/s   Receiving objects:  13% (37/283), 12.00 KiB | 11 KiB/s   Receiving objects:  14% (40/283), 12.00 KiB | 11 KiB/s   Receiving objects:  15% (43/283), 12.00 KiB | 11 KiB/s   Receiving objects:  16% (46/283), 12.00 KiB | 11 KiB/s   Receiving objects:  16% (47/283), 12.00 KiB | 11 KiB/s   Receiving objects:  17% (49/283), 12.00 KiB | 11 KiB/s   Receiving objects:  18% (51/283), 12.00 KiB | 11 KiB/s   Receiving objects:  19% (54/283), 12.00 KiB | 11 KiB/s   Receiving objects:  20% (57/283), 12.00 KiB | 11 KiB/s   Receiving objects:  21% (60/283), 12.00 KiB | 11 KiB/s   Receiving objects:  22% (63/283), 28.00 KiB | 17 KiB/s   Receiving objects:  23% (66/283), 28.00 KiB | 17 KiB/s   Receiving objects:  24% (68/283), 28.00 KiB | 17 KiB/s   Receiving objects:  25% (71/283), 28.00 KiB | 17 KiB/s   Receiving objects:  26% (74/283), 28.00 KiB | 17 KiB/s   Receiving objects:  27% (77/283), 28.00 KiB | 17 KiB/s   Receiving objects:  28% (80/283), 28.00 KiB | 17 KiB/s   Receiving objects:  29% (83/283), 28.00 KiB | 17 KiB/s   Receiving objects:  30% (85/283), 28.00 KiB | 17 KiB/s   Receiving objects:  31% (88/283), 28.00 KiB | 17 KiB/s   Receiving objects:  32% (91/283), 28.00 KiB | 17 KiB/s   Receiving objects:  33% (94/283), 28.00 KiB | 17 KiB/s   Receiving objects:  34% (97/283), 28.00 KiB | 17 KiB/s   Receiving objects:  35% (100/283), 28.00 KiB | 17 KiB/s   Receiving objects:  36% (102/283), 28.00 KiB | 17 KiB/s   Receiving objects:  37% (105/283), 28.00 KiB | 17 KiB/s   Receiving objects:  38% (108/283), 28.00 KiB | 17 KiB/s   Receiving objects:  39% (111/283), 28.00 KiB | 17 KiB/s   Receiving objects:  40% (114/283), 28.00 KiB | 17 KiB/s   Receiving objects:  41% (117/283), 28.00 KiB | 17 KiB/s   Receiving objects:  42% (119/283), 28.00 KiB | 17 KiB/s   Receiving objects:  43% (122/283), 28.00 KiB | 17 KiB/s   Receiving objects:  44% (125/283), 28.00 KiB | 17 KiB/s   Receiving objects:  45% (128/283), 28.00 KiB | 17 KiB/s   Receiving objects:  46% (131/283), 28.00 KiB | 17 KiB/s   Receiving objects:  47% (134/283), 28.00 KiB | 17 KiB/s   Receiving objects:  48% (136/283), 28.00 KiB | 17 KiB/s   Receiving objects:  49% (139/283), 28.00 KiB | 17 KiB/s   Receiving objects:  50% (142/283), 28.00 KiB | 17 KiB/s   Receiving objects:  51% (145/283), 28.00 KiB | 17 KiB/s   Receiving objects:  52% (148/283), 28.00 KiB | 17 KiB/s   Receiving objects:  53% (150/283), 28.00 KiB | 17 KiB/s   Receiving objects:  54% (153/283), 28.00 KiB | 17 KiB/s   Receiving objects:  55% (156/283), 28.00 KiB | 17 KiB/s   Receiving objects:  56% (159/283), 28.00 KiB | 17 KiB/s   Receiving objects:  57% (162/283), 28.00 KiB | 17 KiB/s   Receiving objects:  58% (165/283), 28.00 KiB | 17 KiB/s   Receiving objects:  59% (167/283), 28.00 KiB | 17 KiB/s   Receiving objects:  60% (170/283), 28.00 KiB | 17 KiB/s   Receiving objects:  61% (173/283), 28.00 KiB | 17 KiB/s   Receiving objects:  62% (176/283), 28.00 KiB | 17 KiB/s   Receiving objects:  63% (179/283), 28.00 KiB | 17 KiB/s   Receiving objects:  64% (182/283), 28.00 KiB | 17 KiB/s   Receiving objects:  65% (184/283), 28.00 KiB | 17 KiB/s   Receiving objects:  66% (187/283), 44.00 KiB | 20 KiB/s   Receiving objects:  67% (190/283), 44.00 KiB | 20 KiB/s   Receiving objects:  68% (193/283), 44.00 KiB | 20 KiB/s   Receiving objects:  69% (196/283), 44.00 KiB | 20 KiB/s   Receiving objects:  70% (199/283), 44.00 KiB | 20 KiB/s   Receiving objects:  71% (201/283), 44.00 KiB | 20 KiB/s   Receiving objects:  72% (204/283), 44.00 KiB | 20 KiB/s   Receiving objects:  73% (207/283), 44.00 KiB | 20 KiB/s   Receiving objects:  74% (210/283), 44.00 KiB | 20 KiB/s   Receiving objects:  75% (213/283), 44.00 KiB | 20 KiB/s   Receiving objects:  76% (216/283), 44.00 KiB | 20 KiB/s   Receiving objects:  77% (218/283), 44.00 KiB | 20 KiB/s   Receiving objects:  77% (220/283), 52.00 KiB | 18 KiB/s   Receiving objects:  78% (221/283), 52.00 KiB | 18 KiB/s   Receiving objects:  79% (224/283), 52.00 KiB | 18 KiB/s   Receiving objects:  80% (227/283), 52.00 KiB | 18 KiB/s   Receiving objects:  81% (230/283), 52.00 KiB | 18 KiB/s   Receiving objects:  82% (233/283), 52.00 KiB | 18 KiB/s   Receiving objects:  83% (235/283), 52.00 KiB | 18 KiB/s   Receiving objects:  84% (238/283), 52.00 KiB | 18 KiB/s   Receiving objects:  85% (241/283), 52.00 KiB | 18 KiB/s   Receiving objects:  86% (244/283), 52.00 KiB | 18 KiB/s   Receiving objects:  87% (247/283), 52.00 KiB | 18 KiB/s   Receiving objects:  88% (250/283), 52.00 KiB | 18 KiB/s   Receiving objects:  89% (252/283), 52.00 KiB | 18 KiB/s   Receiving objects:  90% (255/283), 52.00 KiB | 18 KiB/s   Receiving objects:  91% (258/283), 52.00 KiB | 18 KiB/s   remote: Total 283 (delta 77), reused 209 (delta 56)[K
Receiving objects:  92% (261/283), 52.00 KiB | 18 KiB/s   Receiving objects:  93% (264/283), 52.00 KiB | 18 KiB/s   Receiving objects:  94% (267/283), 52.00 KiB | 18 KiB/s   Receiving objects:  95% (269/283), 52.00 KiB | 18 KiB/s   Receiving objects:  96% (272/283), 52.00 KiB | 18 KiB/s   Receiving objects:  97% (275/283), 52.00 KiB | 18 KiB/s   Receiving objects:  98% (278/283), 52.00 KiB | 18 KiB/s   Receiving objects:  99% (281/283), 52.00 KiB | 18 KiB/s   Receiving objects: 100% (283/283), 52.00 KiB | 18 KiB/s   Receiving objects: 100% (283/283), 64.77 KiB | 18 KiB/s, done.
Resolving deltas:   0% (0/77)   Resolving deltas:   1% (1/77)   Resolving deltas:   2% (2/77)   Resolving deltas:   3% (3/77)   Resolving deltas:   7% (6/77)   Resolving deltas:   9% (7/77)   Resolving deltas:  10% (8/77)   Resolving deltas:  11% (9/77)   Resolving deltas:  12% (10/77)   Resolving deltas:  14% (11/77)   Resolving deltas:  16% (13/77)   Resolving deltas:  19% (15/77)   Resolving deltas:  44% (34/77)   Resolving deltas:  55% (43/77)   Resolving deltas:  57% (44/77)   Resolving deltas:  64% (50/77)   Resolving deltas:  66% (51/77)   Resolving deltas:  67% (52/77)   Resolving deltas:  68% (53/77)   Resolving deltas:  70% (54/77)   Resolving deltas:  71% (55/77)   Resolving deltas:  76% (59/77)   Resolving deltas:  77% (60/77)   Resolving deltas:  79% (61/77)   Resolving deltas:  83% (64/77)   Resolving deltas:  84% (65/77)   Resolving deltas:  85% (66/77)   Resolving deltas:  90% (70/77)   Resolving deltas:  92% (71/77)   Resolving deltas:  93% (72/77)   Resolving deltas:  94% (73/77)   Resolving deltas:  96% (74/77)   Resolving deltas: 100% (77/77)   Resolving deltas: 100% (77/77), done.
From git://github.com/jamesgolick/resource_controller
 * branch            HEAD       -> FETCH_HEAD
okouam@nikita:/opt/Rails/apps/radio$ rake -T
(in /opt/Rails/apps/radio)
rake db:abort_if_pending_migrations       # Raises an error if there are pending migrations
rake db:charset                           # Retrieves the charset for the current environment's database
rake db:collation                         # Retrieves the collation for the current environment's database
rake db:create                            # Create the database defined in config/database.yml for the current RAILS_ENV
rake db:create:all                        # Create all the local databases defined in config/database.yml
rake db:drop                              # Drops the database for the current RAILS_ENV
rake db:drop:all                          # Drops all the local databases defined in config/database.yml
rake db:fixtures:identify                 # Search for a fixture given a LABEL or ID.
rake db:fixtures:load                     # Load fixtures into the current environment's database.
rake db:migrate                           # Migrate the database through scripts in db/migrate and update db/schema.rb by invoking db:schema:dump. Target specific version w...
rake db:migrate:down                      # Runs the "down" for a given migration VERSION.
rake db:migrate:redo                      # Rollbacks the database one migration and re migrate up.
rake db:migrate:reset                     # Resets your database using your migrations for the current environment
rake db:migrate:up                        # Runs the "up" for a given migration VERSION.
rake db:reset                             # Drops and recreates the database from db/schema.rb for the current environment and loads the seeds.
rake db:rollback                          # Rolls the schema back to the previous version.
rake db:schema:dump                       # Create a db/schema.rb file that can be portably used against any DB supported by AR
rake db:schema:load                       # Load a schema.rb file into the database
rake db:seed                              # Load the seed data from db/seeds.rb
rake db:sessions:clear                    # Clear the sessions table
rake db:sessions:create                   # Creates a sessions migration for use with ActiveRecord::SessionStore
rake db:setup                             # Create the database, load the schema, and initialize with the seed data
rake db:structure:dump                    # Dump the database structure to a SQL file
rake db:test:clone                        # Recreate the test database from the current environment's database schema
rake db:test:clone_structure              # Recreate the test databases from the development structure
rake db:test:load                         # Recreate the test database from the current schema.rb
rake db:test:prepare                      # Check for pending migrations and load the test schema
rake db:test:purge                        # Empty the test database
rake db:version                           # Retrieves the current schema version number
rake doc:app                              # Build the RDOC HTML Files
rake doc:clobber_app                      # Remove rdoc products
rake doc:clobber_plugins                  # Remove plugin documentation
rake doc:clobber_rails                    # Remove rdoc products
rake doc:guides                           # Generate Rails guides
rake doc:plugins                          # Generate documentation for all installed plugins
rake doc:plugins:resource_controller      # Generate documentation for the resource_controller plugin
rake doc:rails                            # Build the RDOC HTML Files
rake doc:reapp                            # Force a rebuild of the RDOC files
rake doc:rerails                          # Force a rebuild of the RDOC files
rake gems                                 # List the gems that this rails application depends on
rake gems:build                           # Build any native extensions for unpacked gems
rake gems:build:force                     # Force the build of all gems
rake gems:install                         # Installs all required gems.
rake gems:refresh_specs                   # Regenerate gem specifications in correct format.
rake gems:unpack                          # Unpacks all required gems into vendor/gems.
rake gems:unpack:dependencies             # Unpacks all required gems and their dependencies into vendor/gems.
rake log:clear                            # Truncates all *.log files in log/ to zero bytes
rake middleware                           # Prints out your Rack middleware stack
rake notes                                # Enumerate all annotations
rake notes:custom                         # Enumerate a custom annotation, specify with ANNOTATION=WTFHAX
rake notes:fixme                          # Enumerate all FIXME annotations
rake notes:optimize                       # Enumerate all OPTIMIZE annotations
rake notes:todo                           # Enumerate all TODO annotations
rake rails:freeze:edge                    # Lock to latest Edge Rails, for a specific release use RELEASE=1.2.0
rake rails:freeze:gems                    # Lock this application to the current gems (by unpacking them into vendor/rails)
rake rails:template                       # Applies the template supplied by LOCATION=/path/to/template
rake rails:unfreeze                       # Unlock this application from freeze of gems or edge and return to a fluid use of system gems
rake rails:update                         # Update both configs, scripts and public/javascripts from Rails
rake rails:update:application_controller  # Rename application.rb to application_controller.rb
rake rails:update:configs                 # Update config/boot.rb from your current rails install
rake rails:update:generate_dispatchers    # Generate dispatcher files in RAILS_ROOT/public
rake rails:update:javascripts             # Update your javascripts from your current rails install
rake rails:update:scripts                 # Add new scripts to the application script/ directory
rake routes                               # Print out all defined routes in match order, with names.
rake secret                               # Generate a crytographically secure secret key.
rake spec                                 # Run all specs in spec directory (excluding plugin specs)
rake spec:clobber_rcov                    # Remove rcov products for rcov
rake spec:controllers                     # Run the code examples in spec/controllers
rake spec:db:fixtures:load                # Load fixtures (from spec/fixtures) into the current environment's database.
rake spec:doc                             # Print Specdoc for all specs (excluding plugin specs)
rake spec:helpers                         # Run the code examples in spec/helpers
rake spec:integration                     # Run the code examples in spec/integration
rake spec:lib                             # Run the code examples in spec/lib
rake spec:models                          # Run the code examples in spec/models
rake spec:plugin_doc                      # Print Specdoc for all plugin examples
rake spec:plugins                         # Run the code examples in vendor/plugins (except RSpec's own)
rake spec:plugins:rspec_on_rails          # Runs the examples for rspec_on_rails
rake spec:rcov                            # Run all specs in spec directory with RCov (excluding plugin specs)
rake spec:views                           # Run the code examples in spec/views
rake stats                                # Report code statistics (KLOCs, etc) from the application
rake test                                 # Run all unit, functional and integration tests
rake test:benchmark                       # Run tests for benchmarkdb:test:prepare / Benchmark the performance tests
rake test:functionals                     # Run tests for functionalsdb:test:prepare / Run the functional tests in test/functional
rake test:integration                     # Run tests for integrationdb:test:prepare / Run the integration tests in test/integration
rake test:plugins                         # Run tests for pluginsenvironment / Run the plugin tests in vendor/plugins/*/**/test (or specify with PLUGIN=name)
rake test:profile                         # Run tests for profiledb:test:prepare / Profile the performance tests
rake test:recent                          # Run tests for recentdb:test:prepare / Test recent changes
rake test:uncommitted                     # Run tests for uncommitteddb:test:prepare / Test changes since last checkin (only Subversion and Git)
rake test:units                           # Run tests for unitsdb:test:prepare / Run the unit tests in test/unit
rake time:zones:all                       # Displays names of all time zones recognized by the Rails TimeZone class, grouped by offset.
rake time:zones:local                     # Displays names of time zones recognized by the Rails TimeZone class with the same offset as the system local time
rake time:zones:us                        # Displays names of US time zones recognized by the Rails TimeZone class, grouped by offset.
rake tmp:cache:clear                      # Clears all files and directories in tmp/cache
rake tmp:clear                            # Clear session, cache, and socket files from tmp/
rake tmp:create                           # Creates tmp directories for sessions, cache, sockets, and pids
rake tmp:pids:clear                       # Clears all files in tmp/pids
rake tmp:sessions:clear                   # Clears all files in tmp/sessions
rake tmp:sockets:clear                    # Clears all files in tmp/sockets
okouam@nikita:/opt/Rails/apps/radio$ rake routes
(in /opt/Rails/apps/radio)
 calculate_radios POST   /radios/calculate(.:format)        {:action=>"calculate", :controller=>"radios"}
    search_radios GET    /radios/search(.:format)           {:action=>"search", :controller=>"radios"}
           radios GET    /radios(.:format)                  {:action=>"index", :controller=>"radios"}
                  POST   /radios(.:format)                  {:action=>"create", :controller=>"radios"}
        new_radio GET    /radios/new(.:format)              {:action=>"new", :controller=>"radios"}
       edit_radio GET    /radios/:id/edit(.:format)         {:action=>"edit", :controller=>"radios"}
            radio GET    /radios/:id(.:format)              {:action=>"show", :controller=>"radios"}
                  PUT    /radios/:id(.:format)              {:action=>"update", :controller=>"radios"}
                  DELETE /radios/:id(.:format)              {:action=>"destroy", :controller=>"radios"}
           totals GET    /totals(.:format)                  {:action=>"index", :controller=>"totals"}
                  POST   /totals(.:format)                  {:action=>"create", :controller=>"totals"}
        new_total GET    /totals/new(.:format)              {:action=>"new", :controller=>"totals"}
       edit_total GET    /totals/:id/edit(.:format)         {:action=>"edit", :controller=>"totals"}
   stations_total GET    /totals/:id/stations(.:format)     {:action=>"stations", :controller=>"totals"}
            total GET    /totals/:id(.:format)              {:action=>"show", :controller=>"totals"}
                  PUT    /totals/:id(.:format)              {:action=>"update", :controller=>"totals"}
                  DELETE /totals/:id(.:format)              {:action=>"destroy", :controller=>"totals"}
         networks GET    /networks(.:format)                {:action=>"index", :controller=>"networks"}
                  POST   /networks(.:format)                {:action=>"create", :controller=>"networks"}
      new_network GET    /networks/new(.:format)            {:action=>"new", :controller=>"networks"}
     edit_network GET    /networks/:id/edit(.:format)       {:action=>"edit", :controller=>"networks"}
          network GET    /networks/:id(.:format)            {:action=>"show", :controller=>"networks"}
                  PUT    /networks/:id(.:format)            {:action=>"update", :controller=>"networks"}
                  DELETE /networks/:id(.:format)            {:action=>"destroy", :controller=>"networks"}
            users GET    /users(.:format)                   {:action=>"index", :controller=>"users"}
                  POST   /users(.:format)                   {:action=>"create", :controller=>"users"}
         new_user GET    /users/new(.:format)               {:action=>"new", :controller=>"users"}
        edit_user GET    /users/:id/edit(.:format)          {:action=>"edit", :controller=>"users"}
             user GET    /users/:id(.:format)               {:action=>"show", :controller=>"users"}
                  PUT    /users/:id(.:format)               {:action=>"update", :controller=>"users"}
                  DELETE /users/:id(.:format)               {:action=>"destroy", :controller=>"users"}
     partnerships GET    /partnerships(.:format)            {:action=>"index", :controller=>"partnerships"}
                  POST   /partnerships(.:format)            {:action=>"create", :controller=>"partnerships"}
  new_partnership GET    /partnerships/new(.:format)        {:action=>"new", :controller=>"partnerships"}
 edit_partnership GET    /partnerships/:id/edit(.:format)   {:action=>"edit", :controller=>"partnerships"}
      partnership GET    /partnerships/:id(.:format)        {:action=>"show", :controller=>"partnerships"}
                  PUT    /partnerships/:id(.:format)        {:action=>"update", :controller=>"partnerships"}
                  DELETE /partnerships/:id(.:format)        {:action=>"destroy", :controller=>"partnerships"}
 new_user_session GET    /user_session/new(.:format)        {:action=>"new", :controller=>"user_sessions"}
edit_user_session GET    /user_session/edit(.:format)       {:action=>"edit", :controller=>"user_sessions"}
     user_session GET    /user_session(.:format)            {:action=>"show", :controller=>"user_sessions"}
                  PUT    /user_session(.:format)            {:action=>"update", :controller=>"user_sessions"}
                  DELETE /user_session(.:format)            {:action=>"destroy", :controller=>"user_sessions"}
                  POST   /user_session(.:format)            {:action=>"create", :controller=>"user_sessions"}
                         /reminders                         {:action=>"show", :controller=>"reminders"}
                  POST   /reminders/send                    {:action=>"deliver", :controller=>"reminders"}
                         /admin                             {:action=>"home", :controller=>"admin"}
                  GET    /admin/logout                      {:action=>"destroy", :controller=>"user_sessions"}
                  GET    /admin/upload/clear                {:action=>"clear", :controller=>"admin"}
                  GET    /admin/upload                      {:action=>"upload", :controller=>"admin"}
                  POST   /admin/upload                      {:action=>"commit", :controller=>"admin"}
                         /:controller/:action               
                         /:controller/:action/:id(.:format) 
okouam@nikita:/opt/Rails/apps/radio$ git status
# On branch master
# Changes to be committed:
#   (use "git reset HEAD <file>..." to unstage)
#
#	[32mdeleted:    app/views/networks/show.html.erb[m
#	[32mdeleted:    app/views/radios/show.html.erb[m
#	[32mdeleted:    app/views/totals/show.html.erb[m
#	[32mdeleted:    app/views/users/show.html.erb[m
#	[32mrenamed:    app/views/users/edit.html.erb -> public/stylesheets/formtastic.css[m
#
# Changed but not updated:
#   (use "git add <file>..." to update what will be committed)
#   (use "git checkout -- <file>..." to discard changes in working directory)
#
#	[31mmodified:   .idea/radio.iml[m
#	[31mmodified:   .idea/workspace.xml[m
#	[31mmodified:   app/controllers/admin_controller.rb[m
#	[31mmodified:   app/controllers/networks_controller.rb[m
#	[31mmodified:   app/controllers/partnerships_controller.rb[m
#	[31mmodified:   app/controllers/radios_controller.rb[m
#	[31mmodified:   app/controllers/totals_controller.rb[m
#	[31mmodified:   app/controllers/users_controller.rb[m
#	[31mmodified:   app/models/data_import.rb[m
#	[31mmodified:   app/views/layouts/backend.html.erb[m
#	[31mmodified:   app/views/layouts/master.html.erb[m
#	[31mmodified:   app/views/networks/edit.html.erb[m
#	[31mmodified:   app/views/networks/index.html.erb[m
#	[31mmodified:   app/views/partnerships/index.html.erb[m
#	[31mmodified:   app/views/partnerships/new.html.erb[m
#	[31mmodified:   app/views/radios/index.html.erb[m
#	[31mmodified:   app/views/totals/index.html.erb[m
#	[31mmodified:   app/views/users/index.html.erb[m
#	[31mmodified:   app/views/users/new.html.erb[m
#	[31mmodified:   config/environment.rb[m
#	[31mmodified:   public/stylesheets/admin.css[m
#	[31mmodified:   public/stylesheets/formtastic.css[m
#
# Untracked files:
#   (use "git add <file>..." to include in what will be committed)
#
#	[31mgenerate[m
#	[31mtmp/06232010231149-RadioStationsdata.csv[m